// Jest Snapshot v1, https://goo.gl/fbAQLP

exports[`the component hasn't changed 1`] = `
<div>
  Hello
</div>
`;
